
  if [ ! -d "${DEST_DIR}/full" ]; then
    log '\e[32m▶\e[0m group2 => full'
    mkdir -p "${DEST_DIR}/full"
  else
    log '\e[32m↻\e[0m group2 => full'
  fi
  cd "/project path" && cp -a -u -t "${DEST_DIR}/full" \
    "file 1.txt" \
    file2.txt
