
  if [ ! -e "${DEST_DIR}/files-only.tar" ]; then
    log '\e[32m▶\e[0m group1 => files-only'
    7z a -ttar -bso0 \
      "${DEST_DIR}/files-only.tar" \
      "file 1.txt" \
      file2.txt
  else
    log '\e[32m↻\e[0m group1 => files-only'
    rm -f "${DEST_DIR}/files-only.up.tar.tmp"
    7z u -ttar -bso0 \
      "${DEST_DIR}/files-only.tar" -u- \
      -up0q3x2y2z0!"${DEST_DIR}/files-only.up.tar.tmp" \
      "file 1.txt" \
      file2.txt
    if [ "$(stat -c%s "${DEST_DIR}/files-only.up.tar.tmp")" -ne 1024 ]; then
      mv "${DEST_DIR}/files-only.up.tar.tmp" \
        "${DEST_DIR}/files-only.up.tar"
    else
      printf '\033[1A\033[K'
      log '\e[33m↷\e[0m group1 => files-only'
      rm "${DEST_DIR}/files-only.up.tar.tmp"
    fi
  fi
